// Jest Snapshot v1, https://goo.gl/fbAQLP

exports[`MoviePage Container renders without crashing 1`] = `
ShallowWrapper {
  Symbol(enzyme.__root__): [Circular],
  Symbol(enzyme.__unrendered__): <MoviePage
    movieSearch={null}
    searchMovies={
      Object {
        "isLoading": false,
      }
    }
  />,
  Symbol(enzyme.__renderer__): Object {
    "batchedUpdates": [Function],
    "checkPropTypes": [Function],
    "getNode": [Function],
    "render": [Function],
    "simulateError": [Function],
    "simulateEvent": [Function],
    "unmount": [Function],
  },
  Symbol(enzyme.__node__): Object {
    "instance": null,
    "key": undefined,
    "nodeType": "host",
    "props": Object {
      "children": Array [
        <ForwardRef(Bootstrap(Row))
          className="header"
        >
          <ForwardRef(Bootstrap(Col))
            lg={9}
            md={8}
            sm={12}
            xs={12}
          >
            <h2>
              Movies
            </h2>
          </ForwardRef(Bootstrap(Col))>
          <ForwardRef(Bootstrap(Col))
            lg={3}
            md={4}
            sm={12}
            xs={12}
          >
            <TextField
              autoComplete="off"
              className="moviePage__search"
              disabled={false}
              floatingLabelFixed={false}
              fullWidth={false}
              id="search"
              multiLine={false}
              onChange={[Function]}
              placeholder="Search..."
              rows={1}
              type="text"
              underlineShow={true}
            />
          </ForwardRef(Bootstrap(Col))>
        </ForwardRef(Bootstrap(Row))>,
        <ForwardRef(Bootstrap(Container))
          className="movieList"
        >
          <ForwardRef(Bootstrap(Row))>
            <MovieListComponent
              isLoading={false}
              movies={null}
            />
          </ForwardRef(Bootstrap(Row))>
        </ForwardRef(Bootstrap(Container))>,
      ],
      "className": "moviePage",
    },
    "ref": null,
    "rendered": Array [
      Object {
        "instance": null,
        "key": undefined,
        "nodeType": "function",
        "props": Object {
          "children": Array [
            <ForwardRef(Bootstrap(Col))
              lg={9}
              md={8}
              sm={12}
              xs={12}
            >
              <h2>
                Movies
              </h2>
            </ForwardRef(Bootstrap(Col))>,
            <ForwardRef(Bootstrap(Col))
              lg={3}
              md={4}
              sm={12}
              xs={12}
            >
              <TextField
                autoComplete="off"
                className="moviePage__search"
                disabled={false}
                floatingLabelFixed={false}
                fullWidth={false}
                id="search"
                multiLine={false}
                onChange={[Function]}
                placeholder="Search..."
                rows={1}
                type="text"
                underlineShow={true}
              />
            </ForwardRef(Bootstrap(Col))>,
          ],
          "className": "header",
        },
        "ref": null,
        "rendered": Array [
          Object {
            "instance": null,
            "key": undefined,
            "nodeType": "function",
            "props": Object {
              "children": <h2>
                Movies
              </h2>,
              "lg": 9,
              "md": 8,
              "sm": 12,
              "xs": 12,
            },
            "ref": null,
            "rendered": Object {
              "instance": null,
              "key": undefined,
              "nodeType": "host",
              "props": Object {
                "children": "Movies",
              },
              "ref": null,
              "rendered": "Movies",
              "type": "h2",
            },
            "type": Object {
              "$$typeof": Symbol(react.forward_ref),
              "defaultProps": undefined,
              "propTypes": undefined,
              "render": [Function],
            },
          },
          Object {
            "instance": null,
            "key": undefined,
            "nodeType": "function",
            "props": Object {
              "children": <TextField
                autoComplete="off"
                className="moviePage__search"
                disabled={false}
                floatingLabelFixed={false}
                fullWidth={false}
                id="search"
                multiLine={false}
                onChange={[Function]}
                placeholder="Search..."
                rows={1}
                type="text"
                underlineShow={true}
              />,
              "lg": 3,
              "md": 4,
              "sm": 12,
              "xs": 12,
            },
            "ref": null,
            "rendered": Object {
              "instance": null,
              "key": undefined,
              "nodeType": "class",
              "props": Object {
                "autoComplete": "off",
                "className": "moviePage__search",
                "disabled": false,
                "floatingLabelFixed": false,
                "fullWidth": false,
                "id": "search",
                "multiLine": false,
                "onChange": [Function],
                "placeholder": "Search...",
                "rows": 1,
                "type": "text",
                "underlineShow": true,
              },
              "ref": null,
              "rendered": null,
              "type": [Function],
            },
            "type": Object {
              "$$typeof": Symbol(react.forward_ref),
              "defaultProps": undefined,
              "propTypes": undefined,
              "render": [Function],
            },
          },
        ],
        "type": Object {
          "$$typeof": Symbol(react.forward_ref),
          "defaultProps": undefined,
          "propTypes": undefined,
          "render": [Function],
        },
      },
      Object {
        "instance": null,
        "key": undefined,
        "nodeType": "function",
        "props": Object {
          "children": <ForwardRef(Bootstrap(Row))>
            <MovieListComponent
              isLoading={false}
              movies={null}
            />
          </ForwardRef(Bootstrap(Row))>,
          "className": "movieList",
        },
        "ref": null,
        "rendered": Object {
          "instance": null,
          "key": undefined,
          "nodeType": "function",
          "props": Object {
            "children": <MovieListComponent
              isLoading={false}
              movies={null}
            />,
          },
          "ref": null,
          "rendered": Object {
            "instance": null,
            "key": undefined,
            "nodeType": "function",
            "props": Object {
              "isLoading": false,
              "movies": null,
            },
            "ref": null,
            "rendered": null,
            "type": [Function],
          },
          "type": Object {
            "$$typeof": Symbol(react.forward_ref),
            "defaultProps": undefined,
            "propTypes": undefined,
            "render": [Function],
          },
        },
        "type": Object {
          "$$typeof": Symbol(react.forward_ref),
          "defaultProps": undefined,
          "propTypes": undefined,
          "render": [Function],
        },
      },
    ],
    "type": "div",
  },
  Symbol(enzyme.__nodes__): Array [
    Object {
      "instance": null,
      "key": undefined,
      "nodeType": "host",
      "props": Object {
        "children": Array [
          <ForwardRef(Bootstrap(Row))
            className="header"
          >
            <ForwardRef(Bootstrap(Col))
              lg={9}
              md={8}
              sm={12}
              xs={12}
            >
              <h2>
                Movies
              </h2>
            </ForwardRef(Bootstrap(Col))>
            <ForwardRef(Bootstrap(Col))
              lg={3}
              md={4}
              sm={12}
              xs={12}
            >
              <TextField
                autoComplete="off"
                className="moviePage__search"
                disabled={false}
                floatingLabelFixed={false}
                fullWidth={false}
                id="search"
                multiLine={false}
                onChange={[Function]}
                placeholder="Search..."
                rows={1}
                type="text"
                underlineShow={true}
              />
            </ForwardRef(Bootstrap(Col))>
          </ForwardRef(Bootstrap(Row))>,
          <ForwardRef(Bootstrap(Container))
            className="movieList"
          >
            <ForwardRef(Bootstrap(Row))>
              <MovieListComponent
                isLoading={false}
                movies={null}
              />
            </ForwardRef(Bootstrap(Row))>
          </ForwardRef(Bootstrap(Container))>,
        ],
        "className": "moviePage",
      },
      "ref": null,
      "rendered": Array [
        Object {
          "instance": null,
          "key": undefined,
          "nodeType": "function",
          "props": Object {
            "children": Array [
              <ForwardRef(Bootstrap(Col))
                lg={9}
                md={8}
                sm={12}
                xs={12}
              >
                <h2>
                  Movies
                </h2>
              </ForwardRef(Bootstrap(Col))>,
              <ForwardRef(Bootstrap(Col))
                lg={3}
                md={4}
                sm={12}
                xs={12}
              >
                <TextField
                  autoComplete="off"
                  className="moviePage__search"
                  disabled={false}
                  floatingLabelFixed={false}
                  fullWidth={false}
                  id="search"
                  multiLine={false}
                  onChange={[Function]}
                  placeholder="Search..."
                  rows={1}
                  type="text"
                  underlineShow={true}
                />
              </ForwardRef(Bootstrap(Col))>,
            ],
            "className": "header",
          },
          "ref": null,
          "rendered": Array [
            Object {
              "instance": null,
              "key": undefined,
              "nodeType": "function",
              "props": Object {
                "children": <h2>
                  Movies
                </h2>,
                "lg": 9,
                "md": 8,
                "sm": 12,
                "xs": 12,
              },
              "ref": null,
              "rendered": Object {
                "instance": null,
                "key": undefined,
                "nodeType": "host",
                "props": Object {
                  "children": "Movies",
                },
                "ref": null,
                "rendered": "Movies",
                "type": "h2",
              },
              "type": Object {
                "$$typeof": Symbol(react.forward_ref),
                "defaultProps": undefined,
                "propTypes": undefined,
                "render": [Function],
              },
            },
            Object {
              "instance": null,
              "key": undefined,
              "nodeType": "function",
              "props": Object {
                "children": <TextField
                  autoComplete="off"
                  className="moviePage__search"
                  disabled={false}
                  floatingLabelFixed={false}
                  fullWidth={false}
                  id="search"
                  multiLine={false}
                  onChange={[Function]}
                  placeholder="Search..."
                  rows={1}
                  type="text"
                  underlineShow={true}
                />,
                "lg": 3,
                "md": 4,
                "sm": 12,
                "xs": 12,
              },
              "ref": null,
              "rendered": Object {
                "instance": null,
                "key": undefined,
                "nodeType": "class",
                "props": Object {
                  "autoComplete": "off",
                  "className": "moviePage__search",
                  "disabled": false,
                  "floatingLabelFixed": false,
                  "fullWidth": false,
                  "id": "search",
                  "multiLine": false,
                  "onChange": [Function],
                  "placeholder": "Search...",
                  "rows": 1,
                  "type": "text",
                  "underlineShow": true,
                },
                "ref": null,
                "rendered": null,
                "type": [Function],
              },
              "type": Object {
                "$$typeof": Symbol(react.forward_ref),
                "defaultProps": undefined,
                "propTypes": undefined,
                "render": [Function],
              },
            },
          ],
          "type": Object {
            "$$typeof": Symbol(react.forward_ref),
            "defaultProps": undefined,
            "propTypes": undefined,
            "render": [Function],
          },
        },
        Object {
          "instance": null,
          "key": undefined,
          "nodeType": "function",
          "props": Object {
            "children": <ForwardRef(Bootstrap(Row))>
              <MovieListComponent
                isLoading={false}
                movies={null}
              />
            </ForwardRef(Bootstrap(Row))>,
            "className": "movieList",
          },
          "ref": null,
          "rendered": Object {
            "instance": null,
            "key": undefined,
            "nodeType": "function",
            "props": Object {
              "children": <MovieListComponent
                isLoading={false}
                movies={null}
              />,
            },
            "ref": null,
            "rendered": Object {
              "instance": null,
              "key": undefined,
              "nodeType": "function",
              "props": Object {
                "isLoading": false,
                "movies": null,
              },
              "ref": null,
              "rendered": null,
              "type": [Function],
            },
            "type": Object {
              "$$typeof": Symbol(react.forward_ref),
              "defaultProps": undefined,
              "propTypes": undefined,
              "render": [Function],
            },
          },
          "type": Object {
            "$$typeof": Symbol(react.forward_ref),
            "defaultProps": undefined,
            "propTypes": undefined,
            "render": [Function],
          },
        },
      ],
      "type": "div",
    },
  ],
  Symbol(enzyme.__options__): Object {
    "adapter": ReactSixteenAdapter {
      "options": Object {
        "enableComponentDidUpdateOnSetState": true,
        "legacyContextMode": "parent",
        "lifecycles": Object {
          "componentDidUpdate": Object {
            "onSetState": true,
          },
          "getChildContext": Object {
            "calledByRenderer": false,
          },
          "getDerivedStateFromProps": true,
          "getSnapshotBeforeUpdate": true,
          "setState": Object {
            "skipsComponentDidUpdateOnNullish": true,
          },
        },
      },
    },
  },
  Symbol(enzyme.__childContext__): null,
}
`;
